// Jest Snapshot v1, https://goo.gl/fbAQLP

exports[`Renders Degree Qual 1`] = `
<DocumentFragment>
  <div>
    <div>
      <header
        class="Header"
      >
        <a
          href="/tbd-app-2020"
        >
          <img
            alt="UCP official logo"
            class="UCPLogoBlue"
            data-testid="ucpLogoHeader"
            src="Logo_White.png"
          />
        </a>
      </header>
      <div
        class="Line"
      />
    </div>
    <div
      style="height: 30px; width: 90%; background-color: rgb(178, 221, 223); border-radius: 50px; margin: 50px;"
    >
      <div
        style="height: 100%; width: 90%; background-color: rgb(0, 92, 110); border-radius: inherit; text-align: right;"
      >
        <span
          style="padding: 5px; color: rgb(255, 255, 255); font-weight: bold;"
        >
           90% 
        </span>
      </div>
    </div>
    <div
      class="degree-form d-flex justify-content-center container"
    >
      <link
        href="https://fonts.googleapis.com/css2?family=Montserrat:wght@500;700&display=swap"
        rel="stylesheet"
      />
      <div
        class="form-background"
      >
        <h3
          class="form-title"
        >
          Level 4 or Above Experience
        </h3>
        <div
          class="row"
        >
          <div
            class="col"
          >
            <div
              class="radio-buttons"
            >
              <h4 />
              <p>
                Do you have any level 4 or above qualifications?
              </p>
              <div
                class="radio-group"
              >
                <input
                  data-testid="prior-yes"
                  id="prior-yes"
                  name="level-four"
                  type="radio"
                  value="yes"
                />
                <label
                  for="prior-yes"
                >
                  Yes
                </label>
              </div>
              <div
                class="radio-group"
              >
                <input
                  data-testid="prior-no"
                  id="prior-no"
                  name="level-four"
                  type="radio"
                  value="no"
                />
                <label
                  for="prior-no"
                >
                  No
                </label>
              </div>
            </div>
            <span />
          </div>
          <div
            class="col"
          >
            <div
              class="radio-buttons"
            >
              <h4 />
              <p>
                ELQ - is the applicant applying to study a qualification that is equivalent or lower to one they already hold?
              </p>
              <div
                class="radio-group"
              >
                <input
                  data-testid="elq-yes"
                  id="elq-yes"
                  name="elq"
                  type="radio"
                  value="yes"
                />
                <label
                  for="elq-yes"
                >
                  Yes
                </label>
              </div>
              <div
                class="radio-group"
              >
                <input
                  data-testid="elq-no"
                  id="elq-no"
                  name="elq"
                  type="radio"
                  value="no"
                />
                <label
                  for="elq-no"
                >
                  No
                </label>
              </div>
            </div>
          </div>
        </div>
      </div>
    </div>
    <div
      class="container"
    >
      <div
        class="row"
        id="buttonRow"
      >
        <div
          class="centered-buttons col"
        >
          <a
            href="/LevelThreeQualifications"
          >
            <button
              class="mediumbutton"
              data-testid="ucpButton"
              primary="True"
              type="button"
            >
              Go Back​
            </button>
          </a>
        </div>
        <div
          class="centered-buttons col"
        >
          <div
            id="confirmButton"
          >
            <a
              href="/ClearingOfferMadeStudentEnd"
            >
              <button
                class="mediumbutton"
                data-testid="ucpButton"
                primary="True"
                type="button"
              >
                Confirm and Go​
              </button>
            </a>
          </div>
        </div>
      </div>
    </div>
    <footer
      class="ucpFooter"
    />
  </div>
</DocumentFragment>
`;
