// Jest Snapshot v1, https://goo.gl/fbAQLP

exports[`Render SelectRole 1`] = `
<DocumentFragment>
  <div>
    <div>
      <header
        class="Header"
      >
        <a
          href="/tbd-app-2020"
        >
          <img
            alt="UCP official logo"
            class="UCPLogoBlue"
            data-testid="ucpLogoHeader"
            src="Logo_White.png"
          />
        </a>
      </header>
      <div
        class="Line"
      />
    </div>
    <div
      class="mt-5 px-3 py-3 select-role-container container"
    >
      <div
        class="text-center row"
      >
        <div
          class="mt-3 mb-3 col"
        >
          <a
            href="/NewApplicationPage"
          >
            <button
              class="extralargebutton"
              data-testid="ucpButton"
              href="/NewApplicationPage"
              type="button"
            >
              Prospective Student​
            </button>
          </a>
          <a
            href="/login"
          >
            <button
              class="extralargebutton"
              data-testid="staff-portal"
              href="/login"
              type="button"
            >
              Staff Portal​
            </button>
          </a>
          <a
            href="/AdminLogIn"
          >
            <button
              class="extralargebutton"
              data-testid="ucpButton"
              href="/AdminLogIn"
              type="button"
            >
              Admin​
            </button>
          </a>
        </div>
      </div>
    </div>
    <footer
      class="ucpFooter"
    />
  </div>
</DocumentFragment>
`;
