// Jest Snapshot v1, https://goo.gl/fbAQLP

exports[`Renders ClearingOfferMadeSecondPage 1`] = `
<DocumentFragment>
  <div
    class="container"
  >
    <h1>
      Offer
    </h1>
    <h4>
      * Required
    </h4>
    <h3>
      37. Offer made? (YES/NO)
    </h3>
    <p>
      <i>
        Only UNCONDITIONAL Offers can be made (unless interview is needed)
      </i>
    </p>
    <div
      class="radio-buttons"
    >
      <h4>
        Yes
      </h4>
      <p />
      <div
        class="radio-group"
      >
        <input
          data-testid="offerYes"
          id="offerYes"
          name="offer"
          type="radio"
          value="Yes"
        />
        <label
          for="offerYes"
        >
          Yes
        </label>
      </div>
      <div
        class="radio-group"
      >
        <input
          data-testid="offerYesPart"
          id="offerYesPart"
          name="offer"
          type="radio"
          value="yespart"
        />
        <label
          for="offerYesPart"
        >
          Yes (Partial Requirements met, this will be where student doesn't have all requirements)
        </label>
      </div>
      <div
        class="radio-group"
      >
        <input
          data-testid="Status"
          id="Status"
          name="offer"
          type="radio"
          value="yesstatus"
        />
        <label
          for="Status"
        >
          Yes (Subject to Ell Status)
        </label>
      </div>
      <div
        class="radio-group"
      >
        <input
          data-testid="offerNo"
          id="offerNo"
          name="offer"
          type="radio"
          value="No"
        />
        <label
          for="offerNo"
        >
          No
        </label>
      </div>
      <div
        class="radio-group"
      >
        <input
          data-testid="offerInterviewRequired"
          id="offerInterviewRequired"
          name="offer"
          type="radio"
          value="InterviewRequired"
        />
        <label
          for="offerInterviewRequired"
        >
          Interview Required (this may be due to students having industry experience rather than qualifications)
        </label>
      </div>
      <div
        class="radio-group"
      >
        <input
          data-testid="offerInterviewRequiredHighlight"
          id="offerInterviewRequiredHighlight"
          name="offer"
          type="radio"
          value="RPARequired"
        />
        <label
          for="offerInterviewRequiredHighlight"
        >
          RPA (Highlight this with Emma Cave or Zoe
        </label>
      </div>
    </div>
    <span />
    <span />
    <span />
    <div
      class="row"
    >
      <div
        class="col"
      >
        <a
          href="/ClearingOfferMade"
        >
          <button
            class="mediumbutton"
            data-testid="ucpButton"
            href="/ClearingOfferMade"
            primary="True"
            type="button"
          >
            Go Back​
          </button>
        </a>
      </div>
      <div
        class="col"
      >
        <div
          id="confirmButton"
        >
          <a
            href="/ClearingOfferMadeFifthPage"
          >
            <button
              class="mediumbutton"
              data-testid="ucpButton"
              primary="True"
              type="button"
            >
              Confirm and Continue​
            </button>
          </a>
        </div>
      </div>
    </div>
  </div>
</DocumentFragment>
`;

exports[`Renders ClearingOfferMadeYesNoSelect 1`] = `
<DocumentFragment>
  <div
    class="container"
  >
    <h1>
      Offer
    </h1>
    <h4>
      * Required
    </h4>
    <h3>
      37. Offer made? (YES/NO)
    </h3>
    <p>
      <i>
        Only UNCONDITIONAL Offers can be made (unless interview is needed)
      </i>
    </p>
    <div
      class="radio-buttons"
    >
      <h4>
        Yes
      </h4>
      <p />
      <div
        class="radio-group"
      >
        <input
          data-testid="offerYes"
          id="offerYes"
          name="offer"
          type="radio"
          value="Yes"
        />
        <label
          for="offerYes"
        >
          Yes
        </label>
      </div>
      <div
        class="radio-group"
      >
        <input
          data-testid="offerYesPart"
          id="offerYesPart"
          name="offer"
          type="radio"
          value="yespart"
        />
        <label
          for="offerYesPart"
        >
          Yes (Partial Requirements met, this will be where student doesn't have all requirements)
        </label>
      </div>
      <div
        class="radio-group"
      >
        <input
          data-testid="Status"
          id="Status"
          name="offer"
          type="radio"
          value="yesstatus"
        />
        <label
          for="Status"
        >
          Yes (Subject to Ell Status)
        </label>
      </div>
      <div
        class="radio-group"
      >
        <input
          data-testid="offerNo"
          id="offerNo"
          name="offer"
          type="radio"
          value="No"
        />
        <label
          for="offerNo"
        >
          No
        </label>
      </div>
      <div
        class="radio-group"
      >
        <input
          data-testid="offerInterviewRequired"
          id="offerInterviewRequired"
          name="offer"
          type="radio"
          value="InterviewRequired"
        />
        <label
          for="offerInterviewRequired"
        >
          Interview Required (this may be due to students having industry experience rather than qualifications)
        </label>
      </div>
      <div
        class="radio-group"
      >
        <input
          data-testid="offerInterviewRequiredHighlight"
          id="offerInterviewRequiredHighlight"
          name="offer"
          type="radio"
          value="RPARequired"
        />
        <label
          for="offerInterviewRequiredHighlight"
        >
          RPA (Highlight this with Emma Cave or Zoe
        </label>
      </div>
    </div>
    <span />
    <span />
    <span />
    <div
      class="row"
    >
      <div
        class="col"
      >
        <a
          href="/ClearingOfferMade"
        >
          <button
            class="mediumbutton"
            data-testid="ucpButton"
            href="/ClearingOfferMade"
            primary="True"
            type="button"
          >
            Go Back​
          </button>
        </a>
      </div>
      <div
        class="col"
      >
        <div
          id="confirmButton"
        >
          <a
            href="/ClearingOfferMadeFifthPage"
          >
            <button
              class="mediumbutton"
              data-testid="ucpButton"
              primary="True"
              type="button"
            >
              Confirm and Continue​
            </button>
          </a>
        </div>
      </div>
    </div>
  </div>
</DocumentFragment>
`;
