// Jest Snapshot v1, https://goo.gl/fbAQLP

exports[`Renders DropdownMenu 1`] = `
<DocumentFragment>
  <select
    class="Dropdown"
  >
    <option
      value=""
    />
    <option
      value="computing"
    >
      BSc (Hons) Computing and Information Systems
    </option>
    <option
      value="criminology"
    >
      BA (Hons) Criminology
    </option>
    <option
      value="digitalArts"
    >
      FDA Digital Arts
    </option>
  </select>
</DocumentFragment>
`;
