// Jest Snapshot v1, https://goo.gl/fbAQLP

exports[`Renders Header 1`] = `
<DocumentFragment>
  <div>
    <header
      class="Header"
    >
      <a
        href="/tbd-app-2020"
      >
        <img
          alt="UCP official logo"
          class="UCPLogoBlue"
          data-testid="ucpLogoHeader"
          src="Logo_White.png"
        />
      </a>
    </header>
    <div
      class="Line"
    />
  </div>
</DocumentFragment>
`;
