// Jest Snapshot v1, https://goo.gl/fbAQLP

exports[`Renders Breadcrumb 1`] = `
<DocumentFragment>
  <div
    class="container"
  >
    <ul
      class="breadcrumb"
    >
      <li>
        <a
          href="www.google.co.uk"
        >
          Personal Information
        </a>
      </li>
      <li>
        <a
          href="www.google.co.uk"
        >
          Qualifications
        </a>
      </li>
      <li>
        <a
          href="www.google.co.uk"
        >
          About you
        </a>
      </li>
    </ul>
  </div>
</DocumentFragment>
`;
