// Jest Snapshot v1, https://goo.gl/fbAQLP

exports[`Renders Form One 1`] = `
<DocumentFragment>
  <div>
    <div
      class="form-container d-flex justify-content-center container"
    >
      <div
        class="form-background row"
      >
        <div
          class="col"
        >
          <h4>
            Address
          </h4>
          <div
            class="mobiletextbox"
          >
            <label
              for="address-1"
            >
              Address Line 1
            </label>
            <input
              id="address-1"
              maxlength="100"
              minlength="10"
              name="address_line_1"
              placeholder="Address Line 1"
              size="35"
              type="text"
            />
          </div>
          <div
            class="mobiletextbox"
          >
            <label
              for="address-2"
            >
              Address Line 2
            </label>
            <input
              id="address-2"
              maxlength="100"
              minlength="10"
              name="address_line_2"
              placeholder="Address Line 2"
              size="35"
              type="text"
            />
          </div>
          <div
            class="mobiletextbox"
          >
            <label
              for="town-city"
            >
              Town/City
            </label>
            <input
              id="town-city"
              maxlength="100"
              minlength="10"
              name="town_city"
              placeholder="Town/City"
              size="35"
              type="text"
            />
          </div>
          <div
            class="mobiletextbox"
          >
            <label
              for="region"
            >
              Region
            </label>
            <input
              id="region"
              maxlength="30"
              minlength="3"
              name="region"
              placeholder="Region"
              size="25"
              type="text"
            />
          </div>
          <div
            class="mobiletextbox"
          >
            <label
              for="postcode"
            >
              Postcode
            </label>
            <input
              id="postcode"
              maxlength="9"
              minlength="6"
              name="postcode"
              placeholder="Postcode"
              size="10"
              type="text"
            />
          </div>
          <br />
          <div
            class="radio-buttons"
          >
            <h4>
              Full/Part Time
            </h4>
            <p>
              Will the student study the course full-time or part-time?
            </p>
            <div
              class="radio-group"
            >
              <input
                data-testid="full"
                id="full"
                name="full-part"
                type="radio"
                value="full"
              />
              <label
                for="full"
              >
                Full Time
              </label>
            </div>
            <div
              class="radio-group"
            >
              <input
                data-testid="part"
                id="part"
                name="full-part"
                type="radio"
                value="part"
              />
              <label
                for="part"
              >
                Part Time
              </label>
            </div>
          </div>
        </div>
        <div
          class="col"
        >
          <div>
            <div
              class="radio-buttons"
            >
              <h4>
                Prior Credit
              </h4>
              <p>
                Does the student wish to enrol with prior credit?
              </p>
              <div
                class="radio-group"
              >
                <input
                  data-testid="prior-yes"
                  id="prior-yes"
                  name="prior-credit"
                  type="radio"
                  value="yes"
                />
                <label
                  for="prior-yes"
                >
                  Yes
                </label>
              </div>
              <div
                class="radio-group"
              >
                <input
                  data-testid="prior-no"
                  id="prior-no"
                  name="prior-credit"
                  type="radio"
                  value="no"
                />
                <label
                  for="prior-no"
                >
                  No
                </label>
              </div>
            </div>
          </div>
          <span />
          <div
            class="radio-buttons"
          >
            <h4>
              Year of Entry
            </h4>
            <p>
              In what year does the student want to begin their study?
            </p>
            <div
              class="radio-group"
            >
              <input
                data-testid="year-1"
                id="year-1"
                name="year-of-entry"
                type="radio"
                value="1"
              />
              <label
                for="year-1"
              >
                Year 1
              </label>
            </div>
            <div
              class="radio-group"
            >
              <input
                data-testid="year-2"
                id="year-2"
                name="year-of-entry"
                type="radio"
                value="2"
              />
              <label
                for="year-2"
              >
                Year 2
              </label>
            </div>
            <div
              class="radio-group"
            >
              <input
                data-testid="year-3"
                id="year-3"
                name="year-of-entry"
                type="radio"
                value="3"
              />
              <label
                for="year-3"
              >
                Year 3
              </label>
            </div>
          </div>
          <div
            class="radio-buttons"
          >
            <h4>
              Prior Study
            </h4>
            <p>
              Has the student studied at UCP/ARU before?
            </p>
            <div
              class="radio-group"
            >
              <input
                data-testid="study-yes"
                id="study-yes"
                name="prior-study"
                type="radio"
                value="yes"
              />
              <label
                for="study-yes"
              >
                Yes
              </label>
            </div>
            <div
              class="radio-group"
            >
              <input
                data-testid="study-no"
                id="study-no"
                name="prior-study"
                type="radio"
                value="no"
              />
              <label
                for="study-no"
              >
                No
              </label>
            </div>
          </div>
          <span />
        </div>
      </div>
    </div>
    <div
      class="container"
    >
      <div
        class="row"
        id="buttonRow"
      >
        <div
          class="centered-buttons col"
        >
          <a
            href="/NewApplicationPage"
          >
            <button
              class="mediumbutton"
              data-testid="ucpButton"
              primary="True"
              type="button"
            >
              Go Back​
            </button>
          </a>
        </div>
        <div
          class="centered-buttons col"
        >
          <div
            id="confirmButton"
          >
            <a
              href="/LevelTwoQualifications"
            >
              <button
                class="mediumbutton"
                data-testid="ucpButton"
                primary="True"
                type="button"
              >
                Next​
              </button>
            </a>
          </div>
        </div>
      </div>
    </div>
  </div>
</DocumentFragment>
`;
