// Jest Snapshot v1, https://goo.gl/fbAQLP

exports[`Renders L3Component 1`] = `
<DocumentFragment>
  <div
    class="l3-form-right"
  >
    <h3
      class="form-title"
    >
      Level 3 Qualifications
    </h3>
    <div
      class="l3component"
    >
      <h5>
        Qualification : #1 
      </h5>
      <p>
        (E.g. A Level, BTEC, Access)
      </p>
      <div
        class="mobiletextbox"
      >
        <label
          for="qualification1"
        />
        <input
          id="qualification1"
          maxlength="30"
          minlength="0"
          placeholder="Enter qualification #1"
          type="text"
          value=""
        />
      </div>
      <h5>
        Subject: (E.g. Business Studies)
      </h5>
      <div
        class="mobiletextbox"
      >
        <label
          for="subject1"
        />
        <input
          id="subject1"
          maxlength="30"
          minlength="0"
          placeholder="Enter subject #1"
          type="text"
          value=""
        />
      </div>
      <h5>
        Grade Achieved
      </h5>
      <div
        class="mobiletextbox"
      >
        <label
          for="grade1"
        />
        <input
          id="grade1"
          maxlength="30"
          minlength="0"
          placeholder="Enter grade #1"
          type="text"
          value=""
        />
      </div>
      <h5>
        Year Achieved
      </h5>
      <div
        class="mobiletextbox"
      >
        <label
          for="year1"
        />
        <input
          id="year1"
          max="9999-12-31"
          maxlength="8"
          min="1000-1-1"
          minlength="0"
          placeholder=""
          type="date"
          value=""
        />
      </div>
      <br />
      <h5>
        Other L3 Qualifications
      </h5>
      <div
        class="radio-buttons"
      >
        <h4 />
        <p />
        <div
          class="radio-group"
        >
          <input
            data-testid="qualificationYes"
            id="qualificationYes"
            name="l3qualifications"
            type="radio"
            value="yes"
          />
          <label
            for="qualificationYes"
          >
            Yes
          </label>
        </div>
      </div>
      <br />
      <div
        class="row"
      >
        <div
          class="col-5"
        >
          <button
            class="smallbutton"
            data-testid="ucpButton"
            disabled=""
            type="button"
          >
            Previous​
          </button>
        </div>
        <div
          class="col-2"
        />
        <div
          class="col-5"
        >
          <button
            class="smallbutton"
            data-testid="ucpButton"
            disabled=""
            type="button"
          >
            Next​
          </button>
        </div>
      </div>
    </div>
  </div>
</DocumentFragment>
`;
