// Jest Snapshot v1, https://goo.gl/fbAQLP

exports[`Renders Tab 1`] = `
<DocumentFragment>
  <li
    class="tab-list-item tab-list-active"
  />
</DocumentFragment>
`;
