// Jest Snapshot v1, https://goo.gl/fbAQLP

exports[`Renders AdminLogIn 1`] = `
<DocumentFragment>
  <div
    class="admin-login-container"
  >
    <div
      class="first-col col-md-2.5"
    >
      <div
        class="navbar-container"
      >
        <a
          href="/AdminDashboard"
        >
          <button
            class="admin-navbar-button"
            data-testid="ucpButton"
            href="/AdminDashboard"
            type="button"
          >
            Dashboard​
          </button>
        </a>
        <a
          href="/AdminData"
        >
          <button
            class="admin-navbar-button"
            data-testid="ucpButton"
            href="/AdminData"
            type="button"
          >
            Data​
          </button>
        </a>
        <a
          href="/AdminGraph"
        >
          <button
            class="admin-navbar-button"
            data-testid="ucpButton"
            href="/AdminGraph"
            type="button"
          >
            Gender​
          </button>
        </a>
        <a
          href="/AdminGraph"
        >
          <button
            class="admin-navbar-button"
            data-testid="ucpButton"
            href="/AdminGraph"
            type="button"
          >
            Age​
          </button>
        </a>
        <a
          href="/AdminGraph"
        >
          <button
            class="admin-navbar-button"
            data-testid="ucpButton"
            href="/AdminGraph"
            type="button"
          >
            Course​
          </button>
        </a>
        <a
          href="/AdminGraph"
        >
          <button
            class="admin-navbar-button"
            data-testid="ucpButton"
            href="/AdminGraph"
            type="button"
          >
            Ethnicity​
          </button>
        </a>
        <a
          href="/AdminGraph"
        >
          <button
            class="admin-navbar-button"
            data-testid="ucpButton"
            href="/AdminGraph"
            type="button"
          >
            Location​
          </button>
        </a>
        <a
          href="/AdminGraph"
        >
          <button
            class="admin-navbar-button"
            data-testid="ucpButton"
            href="/AdminGraph"
            type="button"
          >
            Income​
          </button>
        </a>
        <a
          href="/AdminGraph"
        >
          <button
            class="admin-navbar-button"
            data-testid="ucpButton"
            href="/AdminGraph"
            type="button"
          >
            Disabilities​
          </button>
        </a>
        <a
          href="/AdminGraph"
        >
          <button
            class="admin-navbar-button"
            data-testid="ucpButton"
            href="/AdminGraph"
            type="button"
          >
            Support​
          </button>
        </a>
        <a
          href="/AdminGraph"
        >
          <button
            class="admin-navbar-button"
            data-testid="ucpButton"
            href="/AdminGraph"
            type="button"
          >
            Education​
          </button>
        </a>
        <a
          href="/AdminGraph"
        >
          <button
            class="admin-navbar-button"
            data-testid="ucpButton"
            href="/AdminGraph"
            type="button"
          >
            Employment​
          </button>
        </a>
        <a
          href="/AdminGraph"
        >
          <button
            class="admin-navbar-button"
            data-testid="ucpButton"
            href="/AdminGraph"
            type="button"
          >
            Payment​
          </button>
        </a>
        <a
          href="/AdminLogIn"
        >
          <button
            class="admin-navbar-button-active"
            data-testid="ucpButton"
            href="/AdminLogIn"
            type="button"
          >
            LogIn​
          </button>
        </a>
      </div>
    </div>
    <div
      class="second-col col"
    >
      <div
        class="row"
      >
        <p />
      </div>
      <div
        class="row"
      >
        <div
          class="mobiletextbox"
        >
          <label>
            Email
          </label>
          <input
            maxlength="30"
            minlength="0"
            placeholder="Email"
            size="20"
            type="text"
          />
        </div>
      </div>
      <div
        class="row"
      >
        <div
          class="mobiletextbox"
        >
          <label>
            Password
          </label>
          <input
            maxlength="30"
            minlength="0"
            placeholder="Password"
            size="20"
            type="password"
          />
        </div>
      </div>
    </div>
  </div>
</DocumentFragment>
`;
